2026-05-25 23:46:10,127 [INFO] ==================================================
2026-05-25 23:46:10,127 [INFO] PS5 Price Tracker — iniciando
2026-05-25 23:46:10,127 [INFO] ==================================================
2026-05-25 23:46:10,132 [INFO] Obteniendo precios...
2026-05-25 23:46:10,132 [INFO]   → Revisando Mercadolibre...
2026-05-25 23:46:10,377 [INFO]      0 producto(s) encontrados
2026-05-25 23:46:13,213 [INFO]   → Revisando Paris...
2026-05-25 23:46:14,732 [INFO]      0 producto(s) encontrados
2026-05-25 23:46:19,502 [INFO]   → Revisando Falabella...
2026-05-25 23:46:19,727 [INFO]      0 producto(s) encontrados
2026-05-25 23:46:23,251 [INFO]   → Revisando Ripley...
2026-05-25 23:46:23,776 [WARNING] Error al obtener https://simple.ripley.cl/tecnologia/video-juegos/consolas?prefn1=brand&prefv1=Sony+PlayStation: 404 Client Error: Not Found for url: https://simple.ripley.cl/tecnologia/video-juegos/consolas?prefn1=brand&prefv1=Sony+PlayStation
2026-05-25 23:46:23,776 [INFO]      0 producto(s) encontrados
2026-05-25 23:46:27,799 [INFO]   → Revisando Pc Factory...
2026-05-25 23:46:28,172 [INFO]      0 producto(s) encontrados
2026-05-25 23:46:30,623 [INFO] Total de productos encontrados: 0
2026-05-25 23:46:30,623 [WARNING] No se encontraron productos. Revisa los selectores o tu conexión.
2026-05-25 23:46:30,623 [INFO] Fin de ejecución.

2026-05-25 23:52:25,920 [INFO] =======================================================
2026-05-25 23:52:25,920 [INFO] PS5 Price Tracker Chile v2 — iniciando
2026-05-25 23:52:25,920 [INFO] =======================================================
2026-05-25 23:52:25,922 [INFO]   → SoloTodo (Paris/Falabella/Ripley/Lider/etc)...
2026-05-25 23:52:26,268 [WARNING] SoloTodo prod 225751: 'list' object has no attribute 'get'
2026-05-25 23:52:27,869 [WARNING] SoloTodo prod 226313: 'list' object has no attribute 'get'
2026-05-25 23:52:28,691 [WARNING] SoloTodo prod 364198: 'list' object has no attribute 'get'
2026-05-25 23:52:30,274 [WARNING] SoloTodo prod 364195: 'list' object has no attribute 'get'
2026-05-25 23:52:31,416 [WARNING] SoloTodo prod 353268: 'list' object has no attribute 'get'
2026-05-25 23:52:32,260 [WARNING] SoloTodo prod 257793: 'list' object has no attribute 'get'
2026-05-25 23:52:32,861 [INFO]   API SoloTodo sin resultados, intentando HTML...
2026-05-25 23:52:33,517 [INFO]      0 producto(s) encontrados
2026-05-25 23:52:37,088 [INFO]   → MercadoLibre Chile...
2026-05-25 23:52:37,262 [WARNING] MercadoLibre HTTP 403
2026-05-25 23:52:37,415 [WARNING] MercadoLibre HTTP 403
2026-05-25 23:52:37,415 [INFO]      0 producto(s) encontrados
2026-05-25 23:52:40,188 [INFO] Total productos: 0
2026-05-25 23:52:40,189 [WARNING] No se encontraron productos.
2026-05-25 23:52:40,189 [WARNING] Causas comunes:
2026-05-25 23:52:40,189 [WARNING]   1. Sin internet — verifica tu conexión
2026-05-25 23:52:40,189 [WARNING]   2. IP bloqueada — espera 15 min o cambia de red
2026-05-25 23:52:40,189 [WARNING]   3. API cambió — abre un issue en el repo
2026-05-25 23:52:41,157 [INFO] Mensaje Telegram enviado OK
2026-05-25 23:52:41,157 [INFO] Fin.

2026-05-25 23:58:06,671 [INFO] =======================================================
2026-05-25 23:58:06,671 [INFO] PS5 Price Tracker Chile v2 — iniciando
2026-05-25 23:58:06,671 [INFO] =======================================================
2026-05-25 23:58:06,671 [INFO]   → SoloTodo (Paris/Falabella/Ripley/Lider/etc)...
2026-05-25 23:58:06,784 [WARNING] SoloTodo prod 225751: invalid literal for int() with base 10: '559990.00'
2026-05-25 23:58:07,431 [WARNING] SoloTodo prod 226313: invalid literal for int() with base 10: '700116.00'
2026-05-25 23:58:08,072 [WARNING] SoloTodo prod 364198: invalid literal for int() with base 10: '449990.00'
2026-05-25 23:58:08,719 [WARNING] SoloTodo prod 364195: invalid literal for int() with base 10: '599990.00'
2026-05-25 23:58:09,377 [WARNING] SoloTodo prod 353268: invalid literal for int() with base 10: '679990.00'
2026-05-25 23:58:10,024 [WARNING] SoloTodo prod 257793: invalid literal for int() with base 10: '949990.00'
2026-05-25 23:58:10,625 [INFO]   API SoloTodo sin resultados, intentando HTML...
2026-05-25 23:58:11,230 [INFO]      0 producto(s) encontrados
2026-05-25 23:58:14,839 [INFO]   → MercadoLibre Chile...
2026-05-25 23:58:15,020 [WARNING] MercadoLibre HTTP 403
2026-05-25 23:58:15,180 [WARNING] MercadoLibre HTTP 403
2026-05-25 23:58:15,180 [INFO]      0 producto(s) encontrados
2026-05-25 23:58:18,222 [INFO] Total productos: 0
2026-05-25 23:58:18,222 [WARNING] No se encontraron productos.
2026-05-25 23:58:18,222 [WARNING] Causas comunes:
2026-05-25 23:58:18,222 [WARNING]   1. Sin internet — verifica tu conexión
2026-05-25 23:58:18,222 [WARNING]   2. IP bloqueada — espera 15 min o cambia de red
2026-05-25 23:58:18,222 [WARNING]   3. API cambió — abre un issue en el repo
2026-05-25 23:58:19,035 [INFO] Mensaje Telegram enviado OK
2026-05-25 23:58:19,035 [INFO] Fin.

2026-05-26 00:02:59,710 [INFO] =======================================================
2026-05-26 00:02:59,710 [INFO] PS5 Price Tracker Chile v2 — iniciando
2026-05-26 00:02:59,710 [INFO] =======================================================
2026-05-26 00:02:59,710 [INFO]   → SoloTodo (Paris/Falabella/Ripley/Lider/etc)...
2026-05-26 00:03:03,626 [INFO]      39 producto(s) encontrados
2026-05-26 00:03:05,822 [INFO]   → MercadoLibre Chile...
2026-05-26 00:03:11,791 [INFO]      0 producto(s) encontrados
2026-05-26 00:03:14,146 [INFO] Total productos: 39
2026-05-26 00:03:14,146 [INFO] 
─────────────────────────────────────────────────────────────────
2026-05-26 00:03:14,146 [INFO]         PRECIO  TIENDA              NOMBRE
2026-05-26 00:03:14,146 [INFO] ─────────────────────────────────────────────────────────────────
2026-05-26 00:03:14,146 [INFO]       $449.990  https://publicapi.solotodo.com/stores/7652/  PS5 Slim 825GB Digital
2026-05-26 00:03:14,146 [INFO]       $559.990  https://publicapi.solotodo.com/stores/2438/  PS5 Slim 1TB Digital
2026-05-26 00:03:14,147 [INFO]       $569.990  https://publicapi.solotodo.com/stores/12/  PS5 Slim 1TB Digital
2026-05-26 00:03:14,147 [INFO]       $569.990  https://publicapi.solotodo.com/stores/9/  PS5 Slim 825GB Digital + Bundl
2026-05-26 00:03:14,147 [INFO]       $569.990  https://publicapi.solotodo.com/stores/43/  PS5 Slim 825GB Digital + Bundl
2026-05-26 00:03:14,147 [INFO]       $569.990  https://publicapi.solotodo.com/stores/176/  PS5 Slim 825GB Digital + Bundl
2026-05-26 00:03:14,147 [INFO]       $579.990  https://publicapi.solotodo.com/stores/2438/  PS5 Slim 825GB Digital + Bundl
2026-05-26 00:03:14,147 [INFO]       $583.226  https://publicapi.solotodo.com/stores/260/  PS5 Slim 825GB Digital + Bundl
2026-05-26 00:03:14,147 [INFO]       $589.990  https://publicapi.solotodo.com/stores/8015/  PS5 Slim 825GB Digital + Bundl
2026-05-26 00:03:14,147 [INFO]       $589.990  https://publicapi.solotodo.com/stores/8510/  PS5 Slim 825GB Digital + Bundl
2026-05-26 00:03:14,147 [INFO]       $599.990  https://publicapi.solotodo.com/stores/11/  PS5 Slim 825GB Digital + Bundl
2026-05-26 00:03:14,147 [INFO]       $599.990  https://publicapi.solotodo.com/stores/87/  PS5 Slim 825GB Digital + Bundl
2026-05-26 00:03:14,147 [INFO]       $619.990  https://publicapi.solotodo.com/stores/8147/  PS5 Slim 825GB Digital + Bundl
2026-05-26 00:03:14,147 [INFO]       $659.990  https://publicapi.solotodo.com/stores/18/  PS5 Slim 1TB Blu-Ray + Bundle
2026-05-26 00:03:14,147 [INFO]       $669.990  https://publicapi.solotodo.com/stores/8510/  PS5 Slim 1TB Blu-Ray + Bundle
2026-05-26 00:03:14,147 [INFO]       $669.990  https://publicapi.solotodo.com/stores/43/  PS5 Slim 1TB Blu-Ray + Bundle
2026-05-26 00:03:14,147 [INFO]       $679.990  https://publicapi.solotodo.com/stores/11/  PS5 Slim 1TB Blu-Ray + Bundle
2026-05-26 00:03:14,147 [INFO]       $679.990  https://publicapi.solotodo.com/stores/18/  PS5 Slim 1TB Blu-Ray + Bundle
2026-05-26 00:03:14,148 [INFO]       $679.990  https://publicapi.solotodo.com/stores/9/  PS5 Slim 1TB Blu-Ray + Bundle
2026-05-26 00:03:14,148 [INFO]       $679.990  https://publicapi.solotodo.com/stores/9/  PS5 Slim 1TB Blu-Ray + Bundle
2026-05-26 00:03:14,148 [INFO]       $679.990  https://publicapi.solotodo.com/stores/11/  PS5 Slim 1TB Blu-Ray + Bundle
2026-05-26 00:03:14,148 [INFO]       $679.990  https://publicapi.solotodo.com/stores/8015/  PS5 Slim 1TB Blu-Ray + Bundle
2026-05-26 00:03:14,148 [INFO]       $679.990  https://publicapi.solotodo.com/stores/87/  PS5 Slim 1TB Blu-Ray + Bundle
2026-05-26 00:03:14,148 [INFO]       $679.990  https://publicapi.solotodo.com/stores/260/  PS5 Slim 1TB Blu-Ray + Bundle
2026-05-26 00:03:14,148 [INFO]       $689.990  https://publicapi.solotodo.com/stores/176/  PS5 Slim 1TB Blu-Ray + Bundle
2026-05-26 00:03:14,148 [INFO]       $689.990  https://publicapi.solotodo.com/stores/231/  PS5 Slim 1TB Blu-Ray + Bundle
2026-05-26 00:03:14,148 [INFO]       $699.990  https://publicapi.solotodo.com/stores/260/  PS5 Slim 1TB Blu-Ray + Bundle
2026-05-26 00:03:14,148 [INFO]       $699.990  https://publicapi.solotodo.com/stores/2438/  PS5 Slim 1TB Blu-Ray + Bundle
2026-05-26 00:03:14,148 [INFO]       $699.990  https://publicapi.solotodo.com/stores/260/  PS5 Slim 1TB Blu-Ray + Bundle
2026-05-26 00:03:14,148 [INFO]       $699.990  https://publicapi.solotodo.com/stores/8147/  PS5 Slim 1TB Blu-Ray + Bundle
2026-05-26 00:03:14,148 [INFO]       $700.116  https://publicapi.solotodo.com/stores/8147/  PS5 Slim 1TB Blu-Ray
2026-05-26 00:03:14,148 [INFO]       $700.116  https://publicapi.solotodo.com/stores/8147/  PS5 Slim 1TB Blu-Ray + Bundle
2026-05-26 00:03:14,148 [INFO]       $739.990  https://publicapi.solotodo.com/stores/12/  PS5 Slim 1TB Blu-Ray
2026-05-26 00:03:14,148 [INFO]       $919.990  https://publicapi.solotodo.com/stores/8510/  PS5 Pro 2TB
2026-05-26 00:03:14,148 [INFO]       $949.990  https://publicapi.solotodo.com/stores/11/  PS5 Pro 2TB
2026-05-26 00:03:14,148 [INFO]       $949.990  https://publicapi.solotodo.com/stores/9/  PS5 Pro 2TB
2026-05-26 00:03:14,148 [INFO]       $949.990  https://publicapi.solotodo.com/stores/260/  PS5 Pro 2TB
2026-05-26 00:03:14,149 [INFO]       $959.990  https://publicapi.solotodo.com/stores/231/  PS5 Pro 2TB
2026-05-26 00:03:14,149 [INFO]       $980.116  https://publicapi.solotodo.com/stores/8147/  PS5 Pro 2TB
2026-05-26 00:03:14,149 [INFO] ─────────────────────────────────────────────────────────────────
2026-05-26 00:03:14,986 [INFO] Mensaje Telegram enviado OK
2026-05-26 00:03:14,986 [INFO] 4 alerta(s) enviadas por Telegram.
2026-05-26 00:03:15,778 [INFO] Mensaje Telegram enviado OK
2026-05-26 00:03:15,779 [INFO] Historial actualizado y guardado.
2026-05-26 00:03:15,779 [INFO] Fin.

